// Jest Snapshot v1, https://goo.gl/fbAQLP

exports[`renders correctly 1`] = `
<div
  className="px-[15px] py-5"
>
  <div
    className="invisible mx-5 my-2 grid gap-5 text-xl font-bold text-purple lg:visible lg:grid-cols-3"
  >
    <div
      className="col-span-2"
    >
      <h1
        className="brush"
      >
        Categories
      </h1>
    </div>
    <div>
      <h1
        className="brush"
      >
        Price
      </h1>
    </div>
  </div>
  <div
    className="grid overflow-hidden rounded-full bg-clay xxs:grid-cols-1 sm:grid-cols-1 md:grid-cols-1 lg:grid-cols-3"
  >
    <div
      className="col-span-2 my-3 grid grid-flow-col justify-center overflow-x-auto scrollbar-hide xxs:gap-1 md:gap-8"
    >
      <div
        className="xxs:ml-[10rem] xs:ml-0 ml-[12rem] xs:mr-0"
      >
        <div
          className="flashing flex h-20 w-20 items-center justify-center rounded-full hover:cursor-pointer xxs:scale-[50%] sm:scale-90 md:scale-90 lg:scale-100 bg-purple"
        >
          <svg
            className="h-12 w-12 shrink fill-white"
            viewBox="0 0 24 24"
          >
            <path
              className="text-center"
              clipRule="evenodd"
              d="M2 6s1.5-2 5-2s5 2 5 2v14s-1.5-1-5-1s-5 1-5 1V6Zm10 0s1.5-2 5-2s5 2 5 2v14s-1.5-1-5-1s-5 1-5 1V6Z"
              fillRule="evenodd"
            />
          </svg>
        </div>
        <h1
          className="text-center text-extraDarkPurple xxs:mt-[-18px] xxs:scale-75 xxs:pb-2 sm:mt-0 md:scale-90 md:pb-0"
        >
          Books
        </h1>
      </div>
      <div
        className="xs:ml-0 xs:mr-0"
      >
        <div
          className="flashing flex h-20 w-20 items-center justify-center rounded-full hover:cursor-pointer xxs:scale-[50%] sm:scale-90 md:scale-90 lg:scale-100 bg-orange"
        >
          <svg
            className="h-12 w-12 shrink fill-white"
            viewBox="0 0 24 24"
          >
            <path
              className="text-center"
              clipRule="evenodd"
              d="M20 8V6c0-1.65-1.35-3-3-3H7C5.35 3 4 4.35 4 6v2c-1.65 0-3 1.35-3 3v5c0 1.65 1.35 3 3 3v1c0 .55.45 1 1 1s1-.45 1-1v-1h12v1c0 .55.45 1 1 1s1-.45 1-1v-1c1.65 0 3-1.35 3-3v-5c0-1.65-1.35-3-3-3zM6 6c0-.55.45-1 1-1h10c.55 0 1 .45 1 1v2.78c-.61.55-1 1.34-1 2.22v2H7v-2c0-.88-.39-1.67-1-2.22V6zm15 10c0 .55-.45 1-1 1H4c-.55 0-1-.45-1-1v-5c0-.55.45-1 1-1s1 .45 1 1v4h14v-4c0-.55.45-1 1-1s1 .45 1 1v5z"
              fillRule="evenodd"
            />
          </svg>
        </div>
        <h1
          className="text-center text-extraDarkPurple xxs:mt-[-18px] xxs:scale-75 xxs:pb-2 sm:mt-0 md:scale-90 md:pb-0"
        >
          Furniture
        </h1>
      </div>
      <div
        className="xs:ml-0 xs:mr-0"
      >
        <div
          className="flashing flex h-20 w-20 items-center justify-center rounded-full hover:cursor-pointer xxs:scale-[50%] sm:scale-90 md:scale-90 lg:scale-100 bg-cyan"
        >
          <svg
            className="h-12 w-12 shrink fill-white"
            viewBox="0 0 24 24"
          >
            <path
              className="text-center"
              clipRule="evenodd"
              d="M20 18c1.1 0 1.99-.9 1.99-2L22 6c0-1.1-.9-2-2-2H4c-1.1 0-2 .9-2 2v10c0 1.1.9 2 2 2H1c-.55 0-1 .45-1 1s.45 1 1 1h22c.55 0 1-.45 1-1s-.45-1-1-1h-3zM5 6h14c.55 0 1 .45 1 1v8c0 .55-.45 1-1 1H5c-.55 0-1-.45-1-1V7c0-.55.45-1 1-1z"
              fillRule="evenodd"
            />
          </svg>
        </div>
        <h1
          className="text-center text-extraDarkPurple xxs:mt-[-18px] xxs:scale-75 xxs:pb-2 sm:mt-0 md:scale-90 md:pb-0"
        >
          Electronics
        </h1>
      </div>
      <div
        className="xs:ml-0 xxs:mr-[2rem] xs:mr-0"
      >
        <div
          className="flashing flex h-20 w-20 items-center justify-center rounded-full hover:cursor-pointer xxs:scale-[50%] sm:scale-90 md:scale-90 lg:scale-100 bg-yellow"
        >
          <svg
            className="h-12 w-12 shrink fill-white"
            viewBox="0 0 24 24"
          >
            <path
              className="text-center"
              clipRule="evenodd"
              d="M7.82 19H15v-1c0-2.21 1.79-4 4-4h.74l-1.9-8.44A2.009 2.009 0 0 0 15.89 4H12v2h3.89l1.4 6.25h-.01A6.008 6.008 0 0 0 13.09 17H7.82a2.996 2.996 0 0 0-3.42-1.94c-1.18.23-2.13 1.2-2.35 2.38A3.002 3.002 0 0 0 5 21c1.3 0 2.4-.84 2.82-2M5 19c-.55 0-1-.45-1-1s.45-1 1-1s1 .45 1 1s-.45 1-1 1m14-4c-1.66 0-3 1.34-3 3s1.34 3 3 3s3-1.34 3-3s-1.34-3-3-3m0 4c-.55 0-1-.45-1-1s.45-1 1-1s1 .45 1 1s-.45 1-1 1Z"
              fillRule="evenodd"
            />
          </svg>
        </div>
        <h1
          className="text-center text-extraDarkPurple xxs:mt-[-18px] xxs:scale-75 xxs:pb-2 sm:mt-0 md:scale-90 md:pb-0"
        >
          Two-wheeler
        </h1>
      </div>
    </div>
    <div
      className="my-3 flex items-center justify-center"
    >
      <div
        className="flex justify-center"
      >
        <div
          className="xxs:scale-[70%] sm:w-80 sm:scale-[80%] md:scale-100 xl:w-96"
        >
          <div
            className="input-group relative flex w-full flex-wrap items-stretch xxs:pb-2 lg:pb-0"
          >
            <input
              aria-describedby="button-addon2"
              aria-label="Search"
              className="form-control relative m-0 block w-[50%] min-w-0 flex-auto rounded-2xl border border-solid border-gray-300 bg-white bg-clip-padding px-3 py-1.5 text-base font-normal text-gray-700 transition ease-in-out focus:border-purple focus:bg-white focus:text-gray-700 focus:outline-none"
              placeholder="Min price"
              type="search"
            />
            <input
              aria-describedby="button-addon2"
              aria-label="Search"
              className="form-control relative m-0 block w-[50%] min-w-0 flex-auto rounded-2xl border border-solid border-gray-300 bg-white bg-clip-padding px-3 py-1.5 text-base font-normal text-gray-700 transition ease-in-out focus:border-purple focus:bg-white focus:text-gray-700 focus:outline-none"
              placeholder="Max price"
              type="search"
            />
          </div>
        </div>
      </div>
    </div>
  </div>
</div>
`;
