// Jest Snapshot v1, https://goo.gl/fbAQLP

exports[`renders correctly 1`] = `
<nav
  className="mb-2 flex max-w-[1440px] flex-row p-2"
>
  <div
    className="flex flex-grow items-center justify-around px-4 md:flex md:flex-row md:items-center md:justify-between lg:flex lg:flex-row lg:items-center lg:justify-between"
  >
    <div
      className="flex w-full flex-row items-center justify-between md:w-auto md:justify-start lg:w-auto lg:justify-start"
    >
      <div
        className="mx-2 py-1"
      >
        <span
          style={
            Object {
              "background": "none",
              "border": 0,
              "boxSizing": "border-box",
              "display": "inline-block",
              "height": "initial",
              "margin": 0,
              "maxWidth": "100%",
              "opacity": 1,
              "overflow": "hidden",
              "padding": 0,
              "position": "relative",
              "width": "initial",
            }
          }
        >
          <span
            style={
              Object {
                "background": "none",
                "border": 0,
                "boxSizing": "border-box",
                "display": "block",
                "height": "initial",
                "margin": 0,
                "maxWidth": "100%",
                "opacity": 1,
                "padding": 0,
                "width": "initial",
              }
            }
          >
            <img
              alt=""
              aria-hidden={true}
              src="data:image/svg+xml,%3csvg%20xmlns=%27http://www.w3.org/2000/svg%27%20version=%271.1%27%20width=%27150%27%20height=%2760%27/%3e"
              style={
                Object {
                  "background": "none",
                  "border": 0,
                  "display": "block",
                  "height": "initial",
                  "margin": 0,
                  "maxWidth": "100%",
                  "opacity": 1,
                  "padding": 0,
                  "width": "initial",
                }
              }
            />
          </span>
          <img
            alt="logo"
            data-nimg="intrinsic"
            decoding="async"
            onError={[Function]}
            onLoad={[Function]}
            src="data:image/gif;base64,R0lGODlhAQABAIAAAAAAAP///yH5BAEAAAAALAAAAAABAAEAAAIBRAA7"
            style={
              Object {
                "border": "none",
                "bottom": 0,
                "boxSizing": "border-box",
                "display": "block",
                "height": 0,
                "left": 0,
                "margin": "auto",
                "maxHeight": "100%",
                "maxWidth": "100%",
                "minHeight": "100%",
                "minWidth": "100%",
                "objectFit": undefined,
                "objectPosition": undefined,
                "padding": 0,
                "position": "absolute",
                "right": 0,
                "top": 0,
                "width": 0,
              }
            }
          />
          <noscript>
            <img
              alt="logo"
              data-nimg="intrinsic"
              decoding="async"
              loading="lazy"
              src="/_next/image?url=%2Fimg.jpg&w=384&q=75"
              srcSet="/_next/image?url=%2Fimg.jpg&w=256&q=75 1x, /_next/image?url=%2Fimg.jpg&w=384&q=75 2x"
              style={
                Object {
                  "border": "none",
                  "bottom": 0,
                  "boxSizing": "border-box",
                  "display": "block",
                  "height": 0,
                  "left": 0,
                  "margin": "auto",
                  "maxHeight": "100%",
                  "maxWidth": "100%",
                  "minHeight": "100%",
                  "minWidth": "100%",
                  "objectFit": undefined,
                  "objectPosition": undefined,
                  "padding": 0,
                  "position": "absolute",
                  "right": 0,
                  "top": 0,
                  "width": 0,
                }
              }
            />
          </noscript>
        </span>
      </div>
      <div
        className="hidden w-full flex-grow px-8 md:inline-block md:w-auto lg:flex lg:w-auto lg:items-center lg:px-3"
      >
        <div
          className="text-md text-darkpurple md:flex lg:flex-grow"
        >
          <a
            className="mr-2 block rounded-[20px] px-4 py-2 hover:bg-purple hover:text-white md:inline-block lg:mt-0 lg:inline-block"
            href="#"
          >
            About Us
          </a>
          <a
            className=" mr-2 block rounded-[20px] px-4 py-2 hover:bg-purple hover:text-white lg:mt-0 lg:inline-block"
            href="#"
          >
            Our Team
          </a>
        </div>
      </div>
      <section
        className="flex md:hidden lg:hidden"
      >
        <div
          className="HAMBURGER space-y-2"
          onClick={[Function]}
        >
          <span
            className="block h-0.5 w-8 animate-pulse bg-pumpkin"
          />
          <span
            className="block h-0.5 w-8 animate-pulse bg-pumpkin"
          />
          <span
            className="block h-0.5 w-8 animate-pulse bg-pumpkin "
          />
        </div>
        <div
          className="hideMenuNav"
        >
          <div
            className="CROSS-ICON absolute top-0 right-0 px-8 py-8"
            onClick={[Function]}
          >
            <svg
              className="h-8 w-8 text-pumpkin"
              fill="none"
              stroke="currentColor"
              strokeLinecap="round"
              strokeLinejoin="round"
              strokeWidth="2"
              viewBox="0 0 24 24"
            >
              <line
                x1="18"
                x2="6"
                y1="6"
                y2="18"
              />
              <line
                x1="6"
                x2="18"
                y1="6"
                y2="18"
              />
            </svg>
          </div>
          <ul
            className="MENU-OPEN flex min-h-[250px] flex-col items-center justify-between"
          >
            <li
              className="my-8 border-b border-pumpkin"
            >
              <a
                href="#"
              >
                About Us
              </a>
            </li>
            <li
              className="my-8 border-b border-pumpkin"
            >
              <a
                href="#"
              >
                Our Team
              </a>
            </li>
            <li
              className="my-8 border-b border-pumpkin"
            >
              <a
                href="#"
              >
                Sign Up
              </a>
            </li>
            <li
              className="my-8 border-b border-pumpkin"
            >
              <a
                href="#"
              >
                Sell Items
              </a>
            </li>
            <li
              className="my-8 border-b border-pumpkin"
            >
              <a
                href="#"
              >
                Cart
              </a>
            </li>
          </ul>
        </div>
      </section>
    </div>
    <div
      className="flex flex-row items-center justify-between md:justify-start lg:justify-start"
    >
      <div
        className=" mx-2 hidden flex-row text-gray-600 lg:flex lg:flex-row "
      >
        <input
          className="h-10 w-96 rounded-[20px] border-2 border-gray-300 bg-white pl-2 pr-8 text-sm focus:outline-none"
          name="search"
          placeholder="Search"
          type="search"
        />
        <button
          type="submit"
        >
          <svg
            className="-m-7 h-10 w-10 pt-4 pr-5"
            fill="currentColor"
            height="1em"
            stroke="currentColor"
            strokeWidth="0"
            style={
              Object {
                "color": undefined,
              }
            }
            viewBox="0 0 24 24"
            width="1em"
            xmlns="http://www.w3.org/2000/svg"
          >
            <path
              d="M10 18a7.952 7.952 0 0 0 4.897-1.688l4.396 4.396 1.414-1.414-4.396-4.396A7.952 7.952 0 0 0 18 10c0-4.411-3.589-8-8-8s-8 3.589-8 8 3.589 8 8 8zm0-14c3.309 0 6 2.691 6 6s-2.691 6-6 6-6-2.691-6-6 2.691-6 6-6z"
            />
            <path
              d="M11.412 8.586c.379.38.588.882.588 1.414h2a3.977 3.977 0 0 0-1.174-2.828c-1.514-1.512-4.139-1.512-5.652 0l1.412 1.416c.76-.758 2.07-.756 2.826-.002z"
            />
          </svg>
        </button>
      </div>
      <div
        className=" hidden lg:flex lg:flex-row "
      >
        <button
          className=" flex"
          type="submit"
        >
          <svg
            color="#32314D"
            fill="none"
            height={26}
            stroke="currentColor"
            strokeLinecap="round"
            strokeLinejoin="round"
            strokeWidth="2"
            style={
              Object {
                "color": "#32314D",
              }
            }
            viewBox="0 0 24 24"
            width={26}
            xmlns="http://www.w3.org/2000/svg"
          >
            <desc />
            <path
              d="M0 0h24v24H0z"
              fill="none"
              stroke="none"
            />
            <circle
              cx="12"
              cy="12"
              r="9"
            />
            <line
              x1="3.6"
              x2="20.4"
              y1="9"
              y2="9"
            />
            <line
              x1="3.6"
              x2="20.4"
              y1="15"
              y2="15"
            />
            <path
              d="M11.5 3a17 17 0 0 0 0 18"
            />
            <path
              d="M12.5 3a17 17 0 0 1 0 18"
            />
          </svg>
          <svg
            color="#32314D"
            fill="currentColor"
            height={26}
            stroke="currentColor"
            strokeWidth="0"
            style={
              Object {
                "color": "#32314D",
              }
            }
            viewBox="0 0 24 24"
            width={26}
            xmlns="http://www.w3.org/2000/svg"
          >
            <g>
              <path
                d="M0 0h24v24H0z"
                fill="none"
              />
              <path
                d="M12 15l-4.243-4.243 1.415-1.414L12 12.172l2.828-2.829 1.415 1.414z"
              />
            </g>
          </svg>
        </button>
      </div>
      <div
        className="hidden md:flex md:items-center lg:flex lg:items-center"
      >
        <a
          className="text-md mx-3 block rounded-[20px] bg-darkpurple px-4 py-2 text-white hover:bg-purple "
          href="#"
        >
          Sign Up
        </a>
        <a
          className=" text-md mr-2 block rounded-[20px] bg-darkpurple px-4 py-2 text-white hover:bg-purple"
          href="#"
        >
          Sell Items
        </a>
        <a
          className="m-2 pt-2"
          href="#"
        >
          <svg
            color="#FF8A57"
            fill="currentColor"
            height={28}
            stroke="currentColor"
            strokeWidth="0"
            style={
              Object {
                "color": "#FF8A57",
              }
            }
            viewBox="0 0 24 24"
            width={28}
            xmlns="http://www.w3.org/2000/svg"
          >
            <path
              d="M0 0h24v24H0z"
              fill="none"
            />
            <path
              d="M7 18c-1.1 0-1.99.9-1.99 2S5.9 22 7 22s2-.9 2-2-.9-2-2-2zM1 2v2h2l3.6 7.59-1.35 2.45c-.16.28-.25.61-.25.96 0 1.1.9 2 2 2h12v-2H7.42c-.14 0-.25-.11-.25-.25l.03-.12.9-1.63h7.45c.75 0 1.41-.41 1.75-1.03l3.58-6.49A1.003 1.003 0 0020 4H5.21l-.94-2H1zm16 16c-1.1 0-1.99.9-1.99 2s.89 2 1.99 2 2-.9 2-2-.9-2-2-2z"
            />
          </svg>
        </a>
      </div>
    </div>
  </div>
  <style>
    
      .hideMenuNav {
        display: none;
      }
      .showMenuNav {
        display: block;
        position: absolute;
        width: 100%;
        height: 100vh;
        top: 0;
        left: 0;
        background: white;
        z-index: 10;
        display: flex;
        flex-direction: column;
        justify-content: space-evenly;
        align-items: center;
      }
  </style>
</nav>
`;
